
        <!DOCTYPE html>
        <html lang="en">
        <head>
            <meta charset="UTF-8">
            <meta name="viewport" content="width=device-width, initial-scale=1.0">
            <title>UX Analysis Report - test12345</title>
            <style>
                body { font-family: -apple-system, BlinkMacSystemFont, 'Segoe UI', Arial, sans-serif; margin: 40px; line-height: 1.6; background: #f5f5f5; }
                .container { max-width: 1200px; margin: 0 auto; background: white; padding: 30px; border-radius: 10px; box-shadow: 0 2px 10px rgba(0,0,0,0.1); }
                .header { background: linear-gradient(135deg, #667eea 0%, #764ba2 100%); color: white; padding: 30px; border-radius: 10px; margin-bottom: 30px; }
                .score { font-size: 48px; font-weight: bold; color: #4CAF50; text-align: center; margin: 20px 0; }
                .section { margin: 25px 0; padding: 20px; border: 1px solid #e5e7eb; border-radius: 10px; background: #f9fafb; }
                .scenario { background: #e7f3ff; border-left: 4px solid #2196F3; padding: 15px; margin: 15px 0; border-radius: 5px; }
                .step { background: #f0f0f0; padding: 10px; margin: 5px 0; border-radius: 3px; font-family: monospace; }
                .success { border-left-color: #4CAF50; background: #e8f5e8; }
                .warning { border-left-color: #FF9800; background: #fff3e0; }
                .error { border-left-color: #F44336; background: #ffebee; }
                .metadata { background: #f3f4f6; padding: 20px; border-radius: 10px; margin-top: 30px; }
                table { width: 100%; border-collapse: collapse; margin: 15px 0; }
                th, td { padding: 12px; text-align: left; border-bottom: 1px solid #ddd; }
                th { background-color: #f2f2f2; }
            </style>
        </head>
        <body>
            <div class="container">
                <div class="header">
                    <h1>üéØ UX Analyzer - Scenario Report</h1>
                    <p><strong>Report ID:</strong> test12345</p>
                    <p><strong>Generated:</strong> 2025-07-30T14:30:00.000000</p>
                    <p><strong>Type:</strong> url_scenario</p>
                </div>
                
                <div class="score">Overall Score: 89/100</div>
        <div class="section"><h2>üìã Scenario Results</h2>
                <div class="scenario passed">
                    <h3>Word Integration with Analytics - Score: 88/100</h3>
                    <p><strong>Duration:</strong> 1128ms</p>
                    <p><strong>Status:</strong> Passed</p>
                    
                    <h4>Steps:</h4>
                <div class="step success"><strong>navigate_to_url:</strong> 259ms - success</div><div class="step success"><strong>wait_for_element:</strong> 126ms - success</div><div class="step success"><strong>click:</strong> 288ms - success | Selector: [data-testid="integration-nav"]</div><div class="step success"><strong>verify_navigation:</strong> 194ms - success</div><div class="step success"><strong>accessibility_scan:</strong> 145ms - success</div><div class="step success"><strong>keyboard_navigation_test:</strong> 116ms - success</div></div>
                <div class="scenario passed">
                    <h3>Excel Integration with Analytics - Score: 92/100</h3>
                    <p><strong>Duration:</strong> 1082ms</p>
                    <p><strong>Status:</strong> Passed</p>
                    
                    <h4>Steps:</h4>
                <div class="step success"><strong>navigate_to_url:</strong> 206ms - success</div><div class="step success"><strong>wait_for_element:</strong> 140ms - success</div><div class="step success"><strong>click:</strong> 237ms - success | Selector: [data-testid="integration-nav"]</div><div class="step warning"><strong>verify_navigation:</strong> 300ms - warning</div><div class="step success"><strong>accessibility_scan:</strong> 199ms - success</div></div>
                <div class="scenario warning">
                    <h3>PowerPoint Integration with Analytics - Score: 79/100</h3>
                    <p><strong>Duration:</strong> 896ms</p>
                    <p><strong>Status:</strong> Warning</p>
                    
                    <h4>Steps:</h4>
                <div class="step success"><strong>navigate_to_url:</strong> 69ms - success</div><div class="step success"><strong>wait_for_element:</strong> 137ms - success</div><div class="step success"><strong>click:</strong> 167ms - success | Selector: [data-testid="integration-nav"]</div><div class="step success"><strong>verify_navigation:</strong> 297ms - success</div><div class="step success"><strong>comprehensive_analytics:</strong> 226ms - success</div></div></div><div class="section"><h2>üìä Module Analysis</h2><table><tr><th>Module</th><th>Score</th><th>Threshold Met</th><th>Analytics Enabled</th></tr>
                <tr>
                    <td>Performance</td>
                    <td>94/100</td>
                    <td>‚úÖ</td>
                    <td>‚ùå</td>
                </tr>
                
                <tr>
                    <td>Accessibility</td>
                    <td>81/100</td>
                    <td>‚úÖ</td>
                    <td>‚úÖ</td>
                </tr>
                
                <tr>
                    <td>Keyboard</td>
                    <td>81/100</td>
                    <td>‚úÖ</td>
                    <td>‚ùå</td>
                </tr>
                
                <tr>
                    <td>Ux_Heuristics</td>
                    <td>100/100</td>
                    <td>‚úÖ</td>
                    <td>‚ùå</td>
                </tr>
                
                <tr>
                    <td>Best_Practices</td>
                    <td>92/100</td>
                    <td>‚úÖ</td>
                    <td>‚úÖ</td>
                </tr>
                </table></div><div class="metadata"><h3>üìä Analysis Metadata</h3><p><strong>Total Scenarios:</strong> 3</p><p><strong>Total Steps:</strong> 16</p><p><strong>Analysis Duration:</strong> 3.106</p><p><strong>Scenarios Passed:</strong> 2</p><p><strong>Deterministic Mode:</strong> True</p></div>
            </div>
        </body>
        </html>
        